---
source: src/tui/tests/snapshots.rs
expression: rendered
---
                                                                                       5h 23% ·2h14m  7d 41% ·4d  🔕  [N]
        ▸ BACKLOG 2 [ ]                ◦ RUNNING 1                   ◦ REVIEW 0                      ◦ DONE 1
──────────────────────────────│───────────────────────────│──────────────────────────────│──────────────────────────────
 ╭──────────────────────────╮ │  ── active                │                              │ ╭──────────────────────────╮
 │  ▎ #1 Task 1             │ │ ╭───────────────────────╮ │                              │ │  ▎ #4 Task 4             │
 │   ◦ <1h                  │ │ │  ▎ #3 Task 3          │ │                              │ │   ✓ <1h                  │
 ╰──────────────────────────╯ │ │   ◉ running           │ │                              │ ╰──────────────────────────╯
 ╭──────────────────────────╮ │ ╰───────────────────────╯ │                              │
 │  ▎ #2 Task 2             │ │                           │                              │
 │   ◦ <1h                  │ │                           │                              │
 ╰──────────────────────────╯ │                           │                              │
                              │                           │                              │
                              │                           │                              │
                              │                           │                              │
                              │                           │                              │
                              │                           │                              │
                              │                           │                              │
                              │                           │                              │
                              │                           │                              │
                              │                           │                              │
                              │                           │                              │
                              │                           │                              │
                              │                           │                              │
                              │                           │                              │
                              │                           │                              │
                              │                           │                              │
                              │                           │                              │
                              │                           │                              │
                              │                           │                              │
                              │                           │                              │
                              │                           │                              │
────────────────────────────────────────────────────────────────────────────────────────────────────────────────────────







[Space] brainstorm  [e]dit  [L] move  [x] done  [Enter] detail  [c]opy  [a] select all  [n]ew  [E]pic  [D] quick  [s]pli
