---
source: src/tui/tests/snapshots.rs
expression: rendered
---
                                                                                                                  🔕  [N]
        ▸ BACKLOG 4 [ ]                ◦ RUNNING 4                   ◦ REVIEW 3                      ◦ DONE 1
──────────────────────────────│───────────────────────────│──────────────────────────────│──────────────────────────────
 ╭──────────────────────────╮ │  ── crashed               │  ── changes requested        │ ╭──────────────────────────╮
 │  ▎ #1 bug task           │ │ ╭───────────────────────╮ │ ╭──────────────────────────╮ │ │  ▎ #12 merged            │
 │   ◦ <1h [bug]            │ │ │  ▎ #8 crashed         │ │ │  ▎ #10 changes requested │ │ │   ✔ PR #45 merged        │
 ╰──────────────────────────╯ │ │   ○ detached          │ │ │   ● PR #43               │ │ ╰──────────────────────────╯
 ╭──────────────────────────╮ │ ╰───────────────────────╯ │ ╰──────────────────────────╯ │
 │  ▎ #2 feature task       │ │                           │                              │
 │   ◦ <1h [feat]           │ │  ── stale                 │  ── awaiting review          │
 ╰──────────────────────────╯ │ ╭───────────────────────╮ │ ╭──────────────────────────╮ │
 ╭──────────────────────────╮ │ │  ▎ #6 stale           │ │ │  ▎ #9 awaiting review    │ │
 │  ▎ #3 chore task         │ │ │   ◉ stale · 12m       │ │ │   ● PR #42               │ │
 │   ◦ <1h [chore]          │ │ ╰───────────────────────╯ │ ╰──────────────────────────╯ │
 ╰──────────────────────────╯ │                           │                              │
 ╭──────────────────────────╮ │  ── needs input           │  ── approved                 │
 │  ▎ #4 fix task           │ │ ╭───────────────────────╮ │ ╭──────────────────────────╮ │
 │   ◦ <1h [fix]            │ │ │  ▎ #7 needs input     │ │ │  ▎ #11 approved          │ │
 ╰──────────────────────────╯ │ │   ◉ blocked           │ │ │   ● PR #44               │ │
                              │ ╰───────────────────────╯ │ ╰──────────────────────────╯ │
                              │                           │                              │
                              │  ── active                │                              │
                              │ ╭───────────────────────╮ │                              │
                              │ │  ▎ #5 active          │ │                              │
                              │ │   ◉ running           │ │                              │
                              │ ╰───────────────────────╯ │                              │
                              │                           │                              │
                              │                           │                              │
                              │                           │                              │
                              │                           │                              │
                              │                           │                              │
────────────────────────────────────────────────────────────────────────────────────────────────────────────────────────







[Space] brainstorm  [e]dit  [L] move  [x] done  [Enter] detail  [c]opy  [a] select all  [n]ew  [E]pic  [D] quick  [s]pli
