---
source: src/tui/tests/snapshots.rs
expression: rendered
---
                                                                                                                  🔕  [N]
        ▸ BACKLOG 0 [ ]                ◦ RUNNING 1                   ◦ REVIEW 0                      ◦ DONE 0
──────────────────────────────│───────────────────────────│──────────────────────────────│──────────────────────────────
                              │  ── shell stale           │                              │
                              │ ╭───────────────────────╮ │                              │
                              │ │  ▎ #1 abandoned shell │ │                              │
                              │ │   ◉ shell stale · 5h  │ │                              │
                              │ ╰───────────────────────╯ │                              │
                              │                           │                              │
                              │                           │                              │
                              │                           │                              │
                              │                           │                              │
                              │                           │                              │
                              │                           │                              │
                              │                           │                              │
                              │                           │                              │
                              │                           │                              │
                              │                           │                              │
                              │                           │                              │
                              │                           │                              │
                              │                           │                              │
                              │                           │                              │
                              │                           │                              │
                              │                           │                              │
                              │                           │                              │
                              │                           │                              │
                              │                           │                              │
                              │                           │                              │
                              │                           │                              │
                              │                           │                              │
                              │                           │                              │
                              │                           │                              │
                              │                           │                              │
                              │                           │                              │
                              │                           │                              │
                              │                           │                              │
                              │                           │                              │
                              │                           │                              │
                              │                           │                              │
[a] select all  [n]ew  [E]pic  [D] quick  [s]plit  [F]lat  [f]ilter  [/] search  [P] todo  [t] add  [?] help
