---
source: src/tui/tests/snapshots.rs
expression: rendered
---
                                                                                                                  🔕  [N]
        ▸ BACKLOG 0 [ ]                ◦ RUNNING 0                   ◦ REVIEW 0                      ◦ DONE 0
──────────────────────────────│───────────────────────────│──────────────────────────────│──────────────────────────────
                              │                           │                              │
                              │                           │                              │
                              │                           │                              │
                  ╭ TODO (2 open) ───────────────────────────────────────────────────────────────────╮
                  │▢ Reply to Sven re: scheduler                                                     │
                  │▢ Prep standup notes                                                              │
                  │▣ Merge planner spec                                                              │
                  │                                                                                  │
                  │                                                                                  │
                  │                                                                                  │
                  │                                                                                  │
                  │                                                                                  │
                  │                                                                                  │
                  │                                                                                  │
                  │                                                                                  │
                  │                                                                                  │
                  │                                                                                  │
                  │                                                                                  │
                  │                                                                                  │
                  │                                                                                  │
                  │                                                                                  │
                  │                                                                                  │
                  │                                                                                  │
                  │                                                                                  │
                  │                                                                                  │
                  │                                                                                  │
                  │                                                                                  │
                  │                                                                                  │
                  │                                                                                  │
                  │ a add · space done · J/K order · Tab nest · S-Tab unnest · e edit · L link · U un│
                  ╰──────────────────────────────────────────────────────────────────────────────────╯
                              │                           │                              │
                              │                           │                              │
                              │                           │                              │
                              │                           │                              │
                              │                           │                              │
[a] select all  [n]ew  [E]pic  [D] quick  [s]plit  [F]lat  [f]ilter  [/] search  [P] todo  [t] add  [?] help   (2)
