---
source: src/cli/agent_tree.rs
expression: rendered
---
┌ dispatch ──────────────────────────────────────┐
│  a.rs [Added]                                  │
│▼ src                                           │
│    lib.rs [Modified]                           │
│  z.rs [Modified]                               │
│                                                │
│                                                │
│                                                │
│                                                │
│                                                │
│                                                │
└ src/gone.rs: no longer exists ─────────────────┘
